Command line
python DeepDeltaJustTrain.py
Args
{'activation': 'ReLU',
 'adding_h': False,
 'aggregation': 'sum',
 'aggregation_norm': 100,
 'atom_descriptor_scaling': True,
 'atom_descriptors': None,
 'atom_descriptors_path': None,
 'atom_descriptors_size': 0,
 'atom_features_size': 0,
 'atom_messages': False,
 'batch_size': 50,
 'bias': False,
 'bias_solvent': False,
 'bond_feature_scaling': True,
 'bond_features_path': None,
 'bond_features_size': 0,
 'cache_cutoff': 10000,
 'checkpoint_dir': None,
 'checkpoint_frzn': None,
 'checkpoint_path': None,
 'checkpoint_paths': None,
 'class_balance': False,
 'config_path': None,
 'crossval_index_dir': None,
 'crossval_index_file': None,
 'crossval_index_sets': None,
 'cuda': True,
 'data_path': '/tmp/tmppzdq1743',
 'data_weights_path': None,
 'dataset_type': 'regression',
 'depth': 3,
 'depth_solvent': 3,
 'device': device(type='cuda'),
 'dropout': 0.0,
 'empty_cache': False,
 'ensemble_size': 1,
 'epochs': 5,
 'evidential_regularization': 0,
 'explicit_h': False,
 'extra_metrics': [],
 'features_generator': None,
 'features_only': False,
 'features_path': None,
 'features_scaling': True,
 'features_size': None,
 'ffn_hidden_size': 300,
 'ffn_num_layers': 2,
 'final_lr': 0.0001,
 'folds_file': None,
 'freeze_first_only': False,
 'frzn_ffn_layers': 0,
 'gpu': None,
 'grad_clip': None,
 'hidden_size': 300,
 'hidden_size_solvent': 300,
 'ignore_columns': None,
 'init_lr': 0.0001,
 'log_frequency': 10,
 'loss_function': 'mse',
 'max_data_size': None,
 'max_lr': 0.001,
 'metric': 'r2',
 'metrics': ['r2'],
 'minimize_score': False,
 'mpn_shared': False,
 'multiclass_num_classes': 3,
 'no_atom_descriptor_scaling': False,
 'no_bond_features_scaling': False,
 'no_cache_mol': False,
 'no_cuda': False,
 'no_features_scaling': False,
 'num_folds': 1,
 'num_lrs': 1,
 'num_tasks': 1,
 'num_workers': 8,
 'number_of_molecules': 2,
 'overwrite_default_atom_features': False,
 'overwrite_default_bond_features': False,
 'phase_features_path': None,
 'pytorch_seed': 0,
 'quiet': False,
 'reaction': False,
 'reaction_mode': 'reac_diff',
 'reaction_solvent': False,
 'resume_experiment': False,
 'save_dir': 'B_Theta_MIC90_trained_model',
 'save_preds': False,
 'save_smiles_splits': False,
 'seed': 0,
 'separate_test_atom_descriptors_path': None,
 'separate_test_bond_features_path': None,
 'separate_test_features_path': None,
 'separate_test_path': None,
 'separate_test_phase_features_path': None,
 'separate_val_atom_descriptors_path': None,
 'separate_val_bond_features_path': None,
 'separate_val_features_path': None,
 'separate_val_path': '/tmp/tmppzdq1743',
 'separate_val_phase_features_path': None,
 'show_individual_scores': False,
 'smiles_columns': ['SMILES_x', 'SMILES_y'],
 'spectra_activation': 'exp',
 'spectra_phase_mask_path': None,
 'spectra_target_floor': 1e-08,
 'split_key_molecule': 0,
 'split_sizes': [1.0, 0.0, 0.0],
 'split_type': 'random',
 'target_columns': None,
 'target_weights': None,
 'task_names': ['Y'],
 'test': False,
 'test_fold_index': None,
 'train_data_size': None,
 'undirected': False,
 'use_input_features': False,
 'val_fold_index': None,
 'warmup_epochs': 2.0}
Setting molecule featurization parameters to default.
Loading data
Number of tasks = 1
Fold 0
Splitting data with seed 0
Total size = 6,889 | train size = 6,889 | val size = 6,889 | test size = 0
The test data split is empty. This may be either because splitting with no test set was selected,             such as with `cv-no-test`, or because test data provided with `--separate_test_path` was empty or contained only invalid molecules.             Performance on the test set will not be evaluated and metric scores will return `nan` for each task.
Fitting scaler
Building model 0
MoleculeModel(
  (encoder): MPN(
    (encoder): ModuleList(
      (0): MPNEncoder(
        (dropout_layer): Dropout(p=0.0, inplace=False)
        (act_func): ReLU()
        (W_i): Linear(in_features=147, out_features=300, bias=False)
        (W_h): Linear(in_features=300, out_features=300, bias=False)
        (W_o): Linear(in_features=433, out_features=300, bias=True)
      )
      (1): MPNEncoder(
        (dropout_layer): Dropout(p=0.0, inplace=False)
        (act_func): ReLU()
        (W_i): Linear(in_features=147, out_features=300, bias=False)
        (W_h): Linear(in_features=300, out_features=300, bias=False)
        (W_o): Linear(in_features=433, out_features=300, bias=True)
      )
    )
  )
  (ffn): Sequential(
    (0): Dropout(p=0.0, inplace=False)
    (1): Linear(in_features=600, out_features=300, bias=True)
    (2): ReLU()
    (3): Dropout(p=0.0, inplace=False)
    (4): Linear(in_features=300, out_features=1, bias=True)
  )
)
Number of parameters = 709,801
Moving model to cuda
Epoch 0
Loss = 2.6958e+01, PNorm = 45.8385, GNorm = 618.2032, lr_0 = 1.3613e-04
Loss = 7.7317e+00, PNorm = 45.8384, GNorm = 755.5020, lr_0 = 1.6898e-04
Loss = 2.8995e+00, PNorm = 45.8387, GNorm = 253.7094, lr_0 = 2.0182e-04
Loss = 1.7820e+00, PNorm = 45.8392, GNorm = 525.2427, lr_0 = 2.3467e-04
Loss = 8.4511e-01, PNorm = 45.8399, GNorm = 70.0545, lr_0 = 2.6752e-04
Loss = 6.6307e-01, PNorm = 45.8408, GNorm = 78.8265, lr_0 = 3.0036e-04
Loss = 4.2637e-01, PNorm = 45.8421, GNorm = 114.0389, lr_0 = 3.3321e-04
Loss = 3.7733e-01, PNorm = 45.8438, GNorm = 76.0639, lr_0 = 3.6606e-04
Loss = 3.4386e-01, PNorm = 45.8453, GNorm = 187.3123, lr_0 = 3.9891e-04
Loss = 3.6446e-01, PNorm = 45.8467, GNorm = 472.3531, lr_0 = 4.3175e-04
Loss = 6.2679e-01, PNorm = 45.8481, GNorm = 291.9390, lr_0 = 4.6460e-04
Loss = 5.1943e-01, PNorm = 45.8499, GNorm = 230.4586, lr_0 = 4.9745e-04
Loss = 3.4796e-01, PNorm = 45.8522, GNorm = 141.4332, lr_0 = 5.3029e-04
Validation r2 = 0.711402
Epoch 1
Loss = 3.7455e-01, PNorm = 45.8540, GNorm = 272.6815, lr_0 = 5.6642e-04
Loss = 3.3647e-01, PNorm = 45.8557, GNorm = 120.2836, lr_0 = 5.9927e-04
Loss = 3.9386e-01, PNorm = 45.8575, GNorm = 213.8087, lr_0 = 6.3212e-04
Loss = 5.9740e-01, PNorm = 45.8604, GNorm = 206.2644, lr_0 = 6.6496e-04
Loss = 1.3531e+00, PNorm = 45.8624, GNorm = 642.8636, lr_0 = 6.9781e-04
Loss = 9.1227e-01, PNorm = 45.8646, GNorm = 306.0033, lr_0 = 7.3066e-04
Loss = 8.3686e-01, PNorm = 45.8675, GNorm = 13.7717, lr_0 = 7.6350e-04
Loss = 3.0319e+00, PNorm = 45.8707, GNorm = 244.8489, lr_0 = 7.9635e-04
Loss = 1.4813e+00, PNorm = 45.8763, GNorm = 351.9397, lr_0 = 8.2920e-04
Loss = 5.5379e-01, PNorm = 45.8829, GNorm = 242.1460, lr_0 = 8.6204e-04
Loss = 3.2656e-01, PNorm = 45.8893, GNorm = 23.4638, lr_0 = 8.9489e-04
Loss = 3.0158e-01, PNorm = 45.8930, GNorm = 52.7412, lr_0 = 9.2774e-04
Loss = 3.9680e-01, PNorm = 45.8948, GNorm = 110.1910, lr_0 = 9.6058e-04
Loss = 4.1244e-01, PNorm = 45.8981, GNorm = 125.7086, lr_0 = 9.9343e-04
Validation r2 = 0.824864
Epoch 2
Loss = 3.3804e-01, PNorm = 45.9034, GNorm = 32.1631, lr_0 = 9.5617e-04
Loss = 4.0823e-01, PNorm = 45.9077, GNorm = 43.9000, lr_0 = 9.0407e-04
Loss = 2.5495e-01, PNorm = 45.9103, GNorm = 111.7538, lr_0 = 8.5482e-04
Loss = 2.6245e-01, PNorm = 45.9130, GNorm = 43.8941, lr_0 = 8.0824e-04
Loss = 2.8153e-01, PNorm = 45.9143, GNorm = 48.5762, lr_0 = 7.6421e-04
Loss = 2.9641e-01, PNorm = 45.9146, GNorm = 39.3637, lr_0 = 7.2257e-04
Loss = 3.0433e-01, PNorm = 45.9154, GNorm = 56.6454, lr_0 = 6.8320e-04
Loss = 3.0144e-01, PNorm = 45.9177, GNorm = 60.1912, lr_0 = 6.4598e-04
Loss = 1.8982e-01, PNorm = 45.9196, GNorm = 42.3681, lr_0 = 6.1078e-04
Loss = 1.6134e-01, PNorm = 45.9214, GNorm = 23.6537, lr_0 = 5.7751e-04
Loss = 2.0018e-01, PNorm = 45.9224, GNorm = 52.8710, lr_0 = 5.4604e-04
Loss = 1.9826e-01, PNorm = 45.9234, GNorm = 93.2198, lr_0 = 5.1629e-04
Loss = 1.9591e-01, PNorm = 45.9241, GNorm = 53.3191, lr_0 = 4.8816e-04
Loss = 1.9376e-01, PNorm = 45.9243, GNorm = 10.5523, lr_0 = 4.6157e-04
Validation r2 = 0.849672
Epoch 3
Loss = 1.4774e-01, PNorm = 45.9250, GNorm = 15.4779, lr_0 = 4.3642e-04
Loss = 1.7845e-01, PNorm = 45.9250, GNorm = 9.5029, lr_0 = 4.1264e-04
Loss = 1.5493e-01, PNorm = 45.9250, GNorm = 41.0744, lr_0 = 3.9016e-04
Loss = 1.6692e-01, PNorm = 45.9252, GNorm = 66.1489, lr_0 = 3.6890e-04
Loss = 2.0600e-01, PNorm = 45.9256, GNorm = 69.5752, lr_0 = 3.4880e-04
Loss = 2.3732e-01, PNorm = 45.9264, GNorm = 80.5361, lr_0 = 3.2980e-04
Loss = 1.7441e-01, PNorm = 45.9269, GNorm = 65.5034, lr_0 = 3.1183e-04
Loss = 1.8201e-01, PNorm = 45.9274, GNorm = 58.7143, lr_0 = 2.9484e-04
Loss = 1.5650e-01, PNorm = 45.9278, GNorm = 23.5182, lr_0 = 2.7878e-04
Loss = 1.6326e-01, PNorm = 45.9278, GNorm = 18.0038, lr_0 = 2.6359e-04
Loss = 1.5719e-01, PNorm = 45.9280, GNorm = 22.6314, lr_0 = 2.4923e-04
Loss = 1.4515e-01, PNorm = 45.9278, GNorm = 19.6494, lr_0 = 2.3565e-04
Loss = 1.4477e-01, PNorm = 45.9278, GNorm = 6.3150, lr_0 = 2.2281e-04
Loss = 1.5084e-01, PNorm = 45.9279, GNorm = 49.4582, lr_0 = 2.1067e-04
Validation r2 = 0.844646
Epoch 4
Loss = 1.4547e-01, PNorm = 45.9282, GNorm = 18.6679, lr_0 = 1.9919e-04
Loss = 1.7551e-01, PNorm = 45.9285, GNorm = 98.5343, lr_0 = 1.8834e-04
Loss = 1.4004e-01, PNorm = 45.9285, GNorm = 38.2604, lr_0 = 1.7808e-04
Loss = 1.3372e-01, PNorm = 45.9287, GNorm = 31.6900, lr_0 = 1.6837e-04
Loss = 1.6674e-01, PNorm = 45.9289, GNorm = 56.2668, lr_0 = 1.5920e-04
Loss = 1.5647e-01, PNorm = 45.9289, GNorm = 24.4726, lr_0 = 1.5053e-04
Loss = 1.4996e-01, PNorm = 45.9288, GNorm = 24.4529, lr_0 = 1.4233e-04
Loss = 1.4791e-01, PNorm = 45.9288, GNorm = 24.5340, lr_0 = 1.3457e-04
Loss = 1.5745e-01, PNorm = 45.9290, GNorm = 92.0322, lr_0 = 1.2724e-04
Loss = 1.7072e-01, PNorm = 45.9292, GNorm = 12.0297, lr_0 = 1.2031e-04
Loss = 1.2915e-01, PNorm = 45.9293, GNorm = 19.5134, lr_0 = 1.1375e-04
Loss = 1.5703e-01, PNorm = 45.9293, GNorm = 58.9519, lr_0 = 1.0755e-04
Loss = 1.6011e-01, PNorm = 45.9293, GNorm = 48.2252, lr_0 = 1.0169e-04
Validation r2 = 0.857578
Model 0 best validation r2 = -inf on epoch 4
Loading pretrained parameter "encoder.encoder.0.cached_zero_vector".
Loading pretrained parameter "encoder.encoder.0.W_i.weight".
Loading pretrained parameter "encoder.encoder.0.W_h.weight".
Loading pretrained parameter "encoder.encoder.0.W_o.weight".
Loading pretrained parameter "encoder.encoder.0.W_o.bias".
Loading pretrained parameter "encoder.encoder.1.cached_zero_vector".
Loading pretrained parameter "encoder.encoder.1.W_i.weight".
Loading pretrained parameter "encoder.encoder.1.W_h.weight".
Loading pretrained parameter "encoder.encoder.1.W_o.weight".
Loading pretrained parameter "encoder.encoder.1.W_o.bias".
Loading pretrained parameter "ffn.1.weight".
Loading pretrained parameter "ffn.1.bias".
Loading pretrained parameter "ffn.4.weight".
Loading pretrained parameter "ffn.4.bias".
Moving model to cuda
Model 0 provided with no test set, no metric evaluation will be performed.
Ensemble test r2 = nan
1-fold cross validation
	Seed 0 ==> test r2 = nan
Overall test r2 = nan +/- nan
Elapsed time = 0:04:40
